#! /mingw64/bin/vvp
:ivl_version "13.0 (stable)" "(v13_0)";
:ivl_delay_selection "TYPICAL";
:vpi_time_precision - 12;
:vpi_module "C:\msys64\mingw64\lib\ivl\system.vpi";
:vpi_module "C:\msys64\mingw64\lib\ivl\vhdl_sys.vpi";
:vpi_module "C:\msys64\mingw64\lib\ivl\vhdl_textio.vpi";
:vpi_module "C:\msys64\mingw64\lib\ivl\v2005_math.vpi";
:vpi_module "C:\msys64\mingw64\lib\ivl\va_math.vpi";
S_000001fe06f4ac00 .scope module, "tb_ALU" "tb_ALU" 2 3;
 .timescale -9 -12;
v000001fe06fea3e0_0 .var "A", 15 0;
v000001fe06fea660_0 .var "ALU_Op", 2 0;
v000001fe06fea7a0_0 .var "B", 15 0;
v000001fe06fea700_0 .net "Result", 15 0, v000001fe06f49660_0;  1 drivers
v000001fe06fe99e0_0 .net "Zero", 0 0, L_000001fe06fea480;  1 drivers
S_000001fe06f4ad90 .scope module, "uut" "ALU" 2 10, 3 1 0, S_000001fe06f4ac00;
 .timescale 0 0;
    .port_info 0 /INPUT 16 "A";
    .port_info 1 /INPUT 16 "B";
    .port_info 2 /INPUT 3 "ALU_Op";
    .port_info 3 /OUTPUT 16 "Result";
    .port_info 4 /OUTPUT 1 "Zero";
v000001fe06f98cd0_0 .net "A", 15 0, v000001fe06fea3e0_0;  1 drivers
v000001fe06f4af20_0 .net "ALU_Op", 2 0, v000001fe06fea660_0;  1 drivers
v000001fe06f4d190_0 .net "B", 15 0, v000001fe06fea7a0_0;  1 drivers
v000001fe06f49660_0 .var "Result", 15 0;
v000001fe06f49700_0 .net "Zero", 0 0, L_000001fe06fea480;  alias, 1 drivers
L_000001fe06fea868 .functor BUFT 1, C4<0000000000000000>, C4<0>, C4<0>, C4<0>;
v000001fe06fea200_0 .net/2u *"_ivl_0", 15 0, L_000001fe06fea868;  1 drivers
v000001fe06fea340_0 .net *"_ivl_2", 0 0, L_000001fe06fea2a0;  1 drivers
L_000001fe06fea8b0 .functor BUFT 1, C4<1>, C4<0>, C4<0>, C4<0>;
v000001fe06fea5c0_0 .net/2u *"_ivl_4", 0 0, L_000001fe06fea8b0;  1 drivers
L_000001fe06fea8f8 .functor BUFT 1, C4<0>, C4<0>, C4<0>, C4<0>;
v000001fe06fea160_0 .net/2u *"_ivl_6", 0 0, L_000001fe06fea8f8;  1 drivers
E_000001fe06f49bd0 .event anyedge, v000001fe06f4af20_0, v000001fe06f98cd0_0, v000001fe06f4d190_0;
L_000001fe06fea2a0 .cmp/eq 16, v000001fe06f49660_0, L_000001fe06fea868;
L_000001fe06fea480 .functor MUXZ 1, L_000001fe06fea8f8, L_000001fe06fea8b0, L_000001fe06fea2a0, C4<>;
    .scope S_000001fe06f4ad90;
T_0 ;
    %wait E_000001fe06f49bd0;
    %load/vec4 v000001fe06f4af20_0;
    %dup/vec4;
    %pushi/vec4 0, 0, 3;
    %cmp/u;
    %jmp/1 T_0.0, 6;
    %dup/vec4;
    %pushi/vec4 1, 0, 3;
    %cmp/u;
    %jmp/1 T_0.1, 6;
    %dup/vec4;
    %pushi/vec4 2, 0, 3;
    %cmp/u;
    %jmp/1 T_0.2, 6;
    %dup/vec4;
    %pushi/vec4 3, 0, 3;
    %cmp/u;
    %jmp/1 T_0.3, 6;
    %dup/vec4;
    %pushi/vec4 4, 0, 3;
    %cmp/u;
    %jmp/1 T_0.4, 6;
    %dup/vec4;
    %pushi/vec4 5, 0, 3;
    %cmp/u;
    %jmp/1 T_0.5, 6;
    %pushi/vec4 0, 0, 16;
    %store/vec4 v000001fe06f49660_0, 0, 16;
    %jmp T_0.7;
T_0.0 ;
    %load/vec4 v000001fe06f98cd0_0;
    %load/vec4 v000001fe06f4d190_0;
    %add;
    %store/vec4 v000001fe06f49660_0, 0, 16;
    %jmp T_0.7;
T_0.1 ;
    %load/vec4 v000001fe06f98cd0_0;
    %load/vec4 v000001fe06f4d190_0;
    %sub;
    %store/vec4 v000001fe06f49660_0, 0, 16;
    %jmp T_0.7;
T_0.2 ;
    %load/vec4 v000001fe06f98cd0_0;
    %load/vec4 v000001fe06f4d190_0;
    %and;
    %store/vec4 v000001fe06f49660_0, 0, 16;
    %jmp T_0.7;
T_0.3 ;
    %load/vec4 v000001fe06f98cd0_0;
    %load/vec4 v000001fe06f4d190_0;
    %or;
    %store/vec4 v000001fe06f49660_0, 0, 16;
    %jmp T_0.7;
T_0.4 ;
    %load/vec4 v000001fe06f98cd0_0;
    %load/vec4 v000001fe06f4d190_0;
    %xor;
    %store/vec4 v000001fe06f49660_0, 0, 16;
    %jmp T_0.7;
T_0.5 ;
    %load/vec4 v000001fe06f98cd0_0;
    %inv;
    %store/vec4 v000001fe06f49660_0, 0, 16;
    %jmp T_0.7;
T_0.7 ;
    %pop/vec4 1;
    %jmp T_0;
    .thread T_0, $push;
    .scope S_000001fe06f4ac00;
T_1 ;
    %vpi_call 2 16 "$display", "ALU test" {0 0 0};
    %pushi/vec4 15, 0, 16;
    %store/vec4 v000001fe06fea3e0_0, 0, 16;
    %pushi/vec4 25, 0, 16;
    %store/vec4 v000001fe06fea7a0_0, 0, 16;
    %pushi/vec4 0, 0, 3;
    %store/vec4 v000001fe06fea660_0, 0, 3;
    %delay 10000, 0;
    %vpi_call 2 21 "$display", "ADD: 15 + 25 = %d | 40", v000001fe06fea700_0 {0 0 0};
    %pushi/vec4 1, 0, 3;
    %store/vec4 v000001fe06fea660_0, 0, 3;
    %delay 10000, 0;
    %vpi_call 2 24 "$display", "SUB: 15 - 25 = %d | 65526 / -10", v000001fe06fea700_0 {0 0 0};
    %pushi/vec4 10, 0, 16;
    %store/vec4 v000001fe06fea3e0_0, 0, 16;
    %pushi/vec4 10, 0, 16;
    %store/vec4 v000001fe06fea7a0_0, 0, 16;
    %pushi/vec4 1, 0, 3;
    %store/vec4 v000001fe06fea660_0, 0, 3;
    %delay 10000, 0;
    %vpi_call 2 29 "$display", "ZERO FLAG (10 - 10): Result = %d, Zero = %b | 0 1", v000001fe06fea700_0, v000001fe06fe99e0_0 {0 0 0};
    %vpi_call 2 31 "$display", "\012" {0 0 0};
    %vpi_call 2 32 "$finish" {0 0 0};
    %end;
    .thread T_1;
# The file index is used to find the file name in the following table.
:file_names 4;
    "N/A";
    "<interactive>";
    "tb_ALU.v";
    "ALU.v";
