#! /mingw64/bin/vvp
:ivl_version "13.0 (stable)" "(v13_0)";
:ivl_delay_selection "TYPICAL";
:vpi_time_precision - 12;
:vpi_module "C:\msys64\mingw64\lib\ivl\system.vpi";
:vpi_module "C:\msys64\mingw64\lib\ivl\vhdl_sys.vpi";
:vpi_module "C:\msys64\mingw64\lib\ivl\vhdl_textio.vpi";
:vpi_module "C:\msys64\mingw64\lib\ivl\v2005_math.vpi";
:vpi_module "C:\msys64\mingw64\lib\ivl\va_math.vpi";
S_000001f219811d30 .scope module, "tb_Control_Unit" "tb_Control_Unit" 2 3;
 .timescale -9 -12;
v000001f219878120_0 .net "ALU_Op", 2 0, v000001f2197e6e00_0;  1 drivers
v000001f2198783a0_0 .net "ALU_Src", 1 0, v000001f219823200_0;  1 drivers
v000001f2198781c0_0 .net "Branch_En", 0 0, v000001f219811ec0_0;  1 drivers
v000001f219878ee0_0 .net "IR_Write", 0 0, v000001f219811f60_0;  1 drivers
v000001f219878440_0 .net "Jump_En", 0 0, v000001f2198124e0_0;  1 drivers
v000001f219878bc0_0 .net "Mem_Read", 0 0, v000001f219812580_0;  1 drivers
v000001f2198784e0_0 .net "Mem_Write", 0 0, v000001f219878260_0;  1 drivers
v000001f219878580_0 .net "PC_Write", 0 0, v000001f219878300_0;  1 drivers
v000001f2198788a0_0 .net "Reg_Dst_Sel", 1 0, v000001f219878da0_0;  1 drivers
v000001f2198786c0_0 .net "Reg_Write", 0 0, v000001f219878800_0;  1 drivers
v000001f219878760_0 .var "clk", 0 0;
v000001f219878d00_0 .var "opcode", 3 0;
v000001f219878940_0 .var "rst", 0 0;
S_000001f219812350 .scope module, "uut" "Control_Unit" 2 12, 3 1 0, S_000001f219811d30;
 .timescale 0 0;
    .port_info 0 /INPUT 1 "clk";
    .port_info 1 /INPUT 1 "rst";
    .port_info 2 /INPUT 4 "opcode";
    .port_info 3 /OUTPUT 1 "PC_Write";
    .port_info 4 /OUTPUT 1 "IR_Write";
    .port_info 5 /OUTPUT 1 "Reg_Write";
    .port_info 6 /OUTPUT 1 "Mem_Write";
    .port_info 7 /OUTPUT 1 "Mem_Read";
    .port_info 8 /OUTPUT 2 "ALU_Src";
    .port_info 9 /OUTPUT 3 "ALU_Op";
    .port_info 10 /OUTPUT 2 "Reg_Dst_Sel";
    .port_info 11 /OUTPUT 1 "Branch_En";
    .port_info 12 /OUTPUT 1 "Jump_En";
P_000001f2198eae90 .param/l "DECODE" 1 3 19, C4<001>;
P_000001f2198eaec8 .param/l "EXECUTE" 1 3 20, C4<010>;
P_000001f2198eaf00 .param/l "FETCH" 1 3 18, C4<000>;
P_000001f2198eaf38 .param/l "WRITEBACK" 1 3 21, C4<011>;
v000001f2197e6e00_0 .var "ALU_Op", 2 0;
v000001f219823200_0 .var "ALU_Src", 1 0;
v000001f219811ec0_0 .var "Branch_En", 0 0;
v000001f219811f60_0 .var "IR_Write", 0 0;
v000001f2198124e0_0 .var "Jump_En", 0 0;
v000001f219812580_0 .var "Mem_Read", 0 0;
v000001f219878260_0 .var "Mem_Write", 0 0;
v000001f219878300_0 .var "PC_Write", 0 0;
v000001f219878da0_0 .var "Reg_Dst_Sel", 1 0;
v000001f219878800_0 .var "Reg_Write", 0 0;
v000001f219878080_0 .net "clk", 0 0, v000001f219878760_0;  1 drivers
v000001f219878e40_0 .var "current_state", 2 0;
v000001f219878f80_0 .var "next_state", 2 0;
v000001f219878c60_0 .net "opcode", 3 0, v000001f219878d00_0;  1 drivers
v000001f219878620_0 .net "rst", 0 0, v000001f219878940_0;  1 drivers
E_000001f21980d1c0 .event anyedge, v000001f219878c60_0, v000001f219878e40_0;
E_000001f21980cb80 .event anyedge, v000001f219878e40_0;
E_000001f21980cf40 .event posedge, v000001f219878620_0, v000001f219878080_0;
    .scope S_000001f219812350;
T_0 ;
    %wait E_000001f21980cf40;
    %load/vec4 v000001f219878620_0;
    %flag_set/vec4 8;
    %jmp/0xz  T_0.0, 8;
    %pushi/vec4 0, 0, 3;
    %assign/vec4 v000001f219878e40_0, 0;
    %jmp T_0.1;
T_0.0 ;
    %load/vec4 v000001f219878f80_0;
    %assign/vec4 v000001f219878e40_0, 0;
T_0.1 ;
    %jmp T_0;
    .thread T_0;
    .scope S_000001f219812350;
T_1 ;
    %wait E_000001f21980cb80;
    %load/vec4 v000001f219878e40_0;
    %dup/vec4;
    %pushi/vec4 0, 0, 3;
    %cmp/u;
    %jmp/1 T_1.0, 6;
    %dup/vec4;
    %pushi/vec4 1, 0, 3;
    %cmp/u;
    %jmp/1 T_1.1, 6;
    %dup/vec4;
    %pushi/vec4 2, 0, 3;
    %cmp/u;
    %jmp/1 T_1.2, 6;
    %dup/vec4;
    %pushi/vec4 3, 0, 3;
    %cmp/u;
    %jmp/1 T_1.3, 6;
    %pushi/vec4 0, 0, 3;
    %store/vec4 v000001f219878f80_0, 0, 3;
    %jmp T_1.5;
T_1.0 ;
    %pushi/vec4 1, 0, 3;
    %store/vec4 v000001f219878f80_0, 0, 3;
    %jmp T_1.5;
T_1.1 ;
    %pushi/vec4 2, 0, 3;
    %store/vec4 v000001f219878f80_0, 0, 3;
    %jmp T_1.5;
T_1.2 ;
    %pushi/vec4 3, 0, 3;
    %store/vec4 v000001f219878f80_0, 0, 3;
    %jmp T_1.5;
T_1.3 ;
    %pushi/vec4 0, 0, 3;
    %store/vec4 v000001f219878f80_0, 0, 3;
    %jmp T_1.5;
T_1.5 ;
    %pop/vec4 1;
    %jmp T_1;
    .thread T_1, $push;
    .scope S_000001f219812350;
T_2 ;
    %wait E_000001f21980d1c0;
    %pushi/vec4 0, 0, 1;
    %store/vec4 v000001f219878300_0, 0, 1;
    %pushi/vec4 0, 0, 1;
    %store/vec4 v000001f219811f60_0, 0, 1;
    %pushi/vec4 0, 0, 1;
    %store/vec4 v000001f219878800_0, 0, 1;
    %pushi/vec4 0, 0, 1;
    %store/vec4 v000001f219878260_0, 0, 1;
    %pushi/vec4 0, 0, 1;
    %store/vec4 v000001f219812580_0, 0, 1;
    %pushi/vec4 0, 0, 2;
    %store/vec4 v000001f219878da0_0, 0, 2;
    %pushi/vec4 0, 0, 2;
    %store/vec4 v000001f219823200_0, 0, 2;
    %pushi/vec4 0, 0, 3;
    %store/vec4 v000001f2197e6e00_0, 0, 3;
    %pushi/vec4 0, 0, 1;
    %store/vec4 v000001f219811ec0_0, 0, 1;
    %pushi/vec4 0, 0, 1;
    %store/vec4 v000001f2198124e0_0, 0, 1;
    %load/vec4 v000001f219878c60_0;
    %dup/vec4;
    %pushi/vec4 0, 0, 4;
    %cmp/u;
    %jmp/1 T_2.0, 6;
    %dup/vec4;
    %pushi/vec4 1, 0, 4;
    %cmp/u;
    %jmp/1 T_2.1, 6;
    %dup/vec4;
    %pushi/vec4 2, 0, 4;
    %cmp/u;
    %jmp/1 T_2.2, 6;
    %dup/vec4;
    %pushi/vec4 3, 0, 4;
    %cmp/u;
    %jmp/1 T_2.3, 6;
    %dup/vec4;
    %pushi/vec4 4, 0, 4;
    %cmp/u;
    %jmp/1 T_2.4, 6;
    %dup/vec4;
    %pushi/vec4 5, 0, 4;
    %cmp/u;
    %jmp/1 T_2.5, 6;
    %dup/vec4;
    %pushi/vec4 6, 0, 4;
    %cmp/u;
    %jmp/1 T_2.6, 6;
    %dup/vec4;
    %pushi/vec4 7, 0, 4;
    %cmp/u;
    %jmp/1 T_2.7, 6;
    %dup/vec4;
    %pushi/vec4 9, 0, 4;
    %cmp/u;
    %jmp/1 T_2.8, 6;
    %dup/vec4;
    %pushi/vec4 8, 0, 4;
    %cmp/u;
    %jmp/1 T_2.9, 6;
    %jmp T_2.10;
T_2.0 ;
    %pushi/vec4 0, 0, 3;
    %store/vec4 v000001f2197e6e00_0, 0, 3;
    %jmp T_2.10;
T_2.1 ;
    %pushi/vec4 1, 0, 3;
    %store/vec4 v000001f2197e6e00_0, 0, 3;
    %jmp T_2.10;
T_2.2 ;
    %pushi/vec4 2, 0, 3;
    %store/vec4 v000001f2197e6e00_0, 0, 3;
    %jmp T_2.10;
T_2.3 ;
    %pushi/vec4 3, 0, 3;
    %store/vec4 v000001f2197e6e00_0, 0, 3;
    %jmp T_2.10;
T_2.4 ;
    %pushi/vec4 4, 0, 3;
    %store/vec4 v000001f2197e6e00_0, 0, 3;
    %jmp T_2.10;
T_2.5 ;
    %pushi/vec4 5, 0, 3;
    %store/vec4 v000001f2197e6e00_0, 0, 3;
    %jmp T_2.10;
T_2.6 ;
    %pushi/vec4 1, 0, 2;
    %store/vec4 v000001f219823200_0, 0, 2;
    %pushi/vec4 0, 0, 3;
    %store/vec4 v000001f2197e6e00_0, 0, 3;
    %jmp T_2.10;
T_2.7 ;
    %pushi/vec4 1, 0, 2;
    %store/vec4 v000001f219823200_0, 0, 2;
    %pushi/vec4 0, 0, 3;
    %store/vec4 v000001f2197e6e00_0, 0, 3;
    %jmp T_2.10;
T_2.8 ;
    %pushi/vec4 1, 0, 3;
    %store/vec4 v000001f2197e6e00_0, 0, 3;
    %pushi/vec4 1, 0, 1;
    %store/vec4 v000001f219811ec0_0, 0, 1;
    %jmp T_2.10;
T_2.9 ;
    %pushi/vec4 1, 0, 1;
    %store/vec4 v000001f2198124e0_0, 0, 1;
    %jmp T_2.10;
T_2.10 ;
    %pop/vec4 1;
    %load/vec4 v000001f219878e40_0;
    %dup/vec4;
    %pushi/vec4 0, 0, 3;
    %cmp/u;
    %jmp/1 T_2.11, 6;
    %dup/vec4;
    %pushi/vec4 1, 0, 3;
    %cmp/u;
    %jmp/1 T_2.12, 6;
    %dup/vec4;
    %pushi/vec4 2, 0, 3;
    %cmp/u;
    %jmp/1 T_2.13, 6;
    %dup/vec4;
    %pushi/vec4 3, 0, 3;
    %cmp/u;
    %jmp/1 T_2.14, 6;
    %jmp T_2.15;
T_2.11 ;
    %pushi/vec4 1, 0, 1;
    %store/vec4 v000001f219811f60_0, 0, 1;
    %jmp T_2.15;
T_2.12 ;
    %jmp T_2.15;
T_2.13 ;
    %load/vec4 v000001f219878c60_0;
    %dup/vec4;
    %pushi/vec4 6, 0, 4;
    %cmp/u;
    %jmp/1 T_2.16, 6;
    %dup/vec4;
    %pushi/vec4 7, 0, 4;
    %cmp/u;
    %jmp/1 T_2.17, 6;
    %jmp T_2.18;
T_2.16 ;
    %pushi/vec4 1, 0, 1;
    %store/vec4 v000001f219812580_0, 0, 1;
    %jmp T_2.18;
T_2.17 ;
    %pushi/vec4 1, 0, 1;
    %store/vec4 v000001f219878260_0, 0, 1;
    %jmp T_2.18;
T_2.18 ;
    %pop/vec4 1;
    %jmp T_2.15;
T_2.14 ;
    %pushi/vec4 1, 0, 1;
    %store/vec4 v000001f219878300_0, 0, 1;
    %load/vec4 v000001f219878c60_0;
    %dup/vec4;
    %pushi/vec4 0, 0, 4;
    %cmp/u;
    %jmp/1 T_2.19, 6;
    %dup/vec4;
    %pushi/vec4 1, 0, 4;
    %cmp/u;
    %jmp/1 T_2.20, 6;
    %dup/vec4;
    %pushi/vec4 2, 0, 4;
    %cmp/u;
    %jmp/1 T_2.21, 6;
    %dup/vec4;
    %pushi/vec4 3, 0, 4;
    %cmp/u;
    %jmp/1 T_2.22, 6;
    %dup/vec4;
    %pushi/vec4 4, 0, 4;
    %cmp/u;
    %jmp/1 T_2.23, 6;
    %dup/vec4;
    %pushi/vec4 5, 0, 4;
    %cmp/u;
    %jmp/1 T_2.24, 6;
    %dup/vec4;
    %pushi/vec4 6, 0, 4;
    %cmp/u;
    %jmp/1 T_2.25, 6;
    %jmp T_2.26;
T_2.19 ;
    %pushi/vec4 1, 0, 1;
    %store/vec4 v000001f219878800_0, 0, 1;
    %pushi/vec4 0, 0, 2;
    %store/vec4 v000001f219878da0_0, 0, 2;
    %jmp T_2.26;
T_2.20 ;
    %pushi/vec4 1, 0, 1;
    %store/vec4 v000001f219878800_0, 0, 1;
    %pushi/vec4 0, 0, 2;
    %store/vec4 v000001f219878da0_0, 0, 2;
    %jmp T_2.26;
T_2.21 ;
    %pushi/vec4 1, 0, 1;
    %store/vec4 v000001f219878800_0, 0, 1;
    %pushi/vec4 0, 0, 2;
    %store/vec4 v000001f219878da0_0, 0, 2;
    %jmp T_2.26;
T_2.22 ;
    %pushi/vec4 1, 0, 1;
    %store/vec4 v000001f219878800_0, 0, 1;
    %pushi/vec4 0, 0, 2;
    %store/vec4 v000001f219878da0_0, 0, 2;
    %jmp T_2.26;
T_2.23 ;
    %pushi/vec4 1, 0, 1;
    %store/vec4 v000001f219878800_0, 0, 1;
    %pushi/vec4 0, 0, 2;
    %store/vec4 v000001f219878da0_0, 0, 2;
    %jmp T_2.26;
T_2.24 ;
    %pushi/vec4 1, 0, 1;
    %store/vec4 v000001f219878800_0, 0, 1;
    %pushi/vec4 0, 0, 2;
    %store/vec4 v000001f219878da0_0, 0, 2;
    %jmp T_2.26;
T_2.25 ;
    %pushi/vec4 1, 0, 1;
    %store/vec4 v000001f219878800_0, 0, 1;
    %pushi/vec4 1, 0, 2;
    %store/vec4 v000001f219878da0_0, 0, 2;
    %jmp T_2.26;
T_2.26 ;
    %pop/vec4 1;
    %jmp T_2.15;
T_2.15 ;
    %pop/vec4 1;
    %jmp T_2;
    .thread T_2, $push;
    .scope S_000001f219811d30;
T_3 ;
    %pushi/vec4 0, 0, 1;
    %store/vec4 v000001f219878760_0, 0, 1;
T_3.0 ;
    %delay 5000, 0;
    %load/vec4 v000001f219878760_0;
    %inv;
    %store/vec4 v000001f219878760_0, 0, 1;
    %jmp T_3.0;
T_3.1 ;
    %end;
    .thread T_3;
    .scope S_000001f219811d30;
T_4 ;
    %vpi_call 2 23 "$display", "control unit test" {0 0 0};
    %pushi/vec4 1, 0, 1;
    %store/vec4 v000001f219878940_0, 0, 1;
    %pushi/vec4 7, 0, 4;
    %store/vec4 v000001f219878d00_0, 0, 4;
    %delay 12000, 0;
    %pushi/vec4 0, 0, 1;
    %store/vec4 v000001f219878940_0, 0, 1;
    %delay 2000, 0;
    %vpi_call 2 33 "$display", "FETCH: IR_Write = %b | 1", v000001f219878ee0_0 {0 0 0};
    %delay 10000, 0;
    %delay 10000, 0;
    %vpi_call 2 38 "$display", "EXECUTE (STORE): Mem_Write = %b | 1", v000001f2198784e0_0 {0 0 0};
    %delay 10000, 0;
    %vpi_call 2 42 "$display", "WRITEBACK (STORE): PC_Write = %b, Reg_Write = %b | 1 0", v000001f219878580_0, v000001f2198786c0_0 {0 0 0};
    %vpi_call 2 44 "$display", "n" {0 0 0};
    %vpi_call 2 45 "$finish" {0 0 0};
    %end;
    .thread T_4;
# The file index is used to find the file name in the following table.
:file_names 4;
    "N/A";
    "<interactive>";
    "tb_Control_Unit.v";
    "Control_Unit.v";
