#! /mingw64/bin/vvp
:ivl_version "13.0 (stable)" "(v13_0)";
:ivl_delay_selection "TYPICAL";
:vpi_time_precision - 12;
:vpi_module "C:\msys64\mingw64\lib\ivl\system.vpi";
:vpi_module "C:\msys64\mingw64\lib\ivl\vhdl_sys.vpi";
:vpi_module "C:\msys64\mingw64\lib\ivl\vhdl_textio.vpi";
:vpi_module "C:\msys64\mingw64\lib\ivl\v2005_math.vpi";
:vpi_module "C:\msys64\mingw64\lib\ivl\va_math.vpi";
S_000001e208012df0 .scope module, "tb_Top_Module" "tb_Top_Module" 2 3;
 .timescale -9 -12;
v000001e208073970_0 .var "clk", 0 0;
v000001e208073a10_0 .var "rst", 0 0;
S_000001e208012480 .scope module, "uut" "Top_Module" 2 10, 3 141 0, S_000001e208012df0;
 .timescale 0 0;
    .port_info 0 /INPUT 1 "clk";
    .port_info 1 /INPUT 1 "rst";
L_000001e207fcfb20 .functor BUFZ 16, L_000001e2080735b0, C4<0000000000000000>, C4<0000000000000000>, C4<0000000000000000>;
v000001e2080711f0_0 .net "ALU_Op", 2 0, v000001e208003ff0_0;  1 drivers
v000001e208071830_0 .net "ALU_Src", 1 0, v000001e208004630_0;  1 drivers
v000001e208070890_0 .net "Branch_En", 0 0, v000001e208004d10_0;  1 drivers
v000001e208070cf0 .array "Data_Mem", 1023 0, 15 0;
v000001e208071510_0 .var "IR", 15 0;
v000001e2080701b0_0 .net "IR_Write", 0 0, v000001e208005c10_0;  1 drivers
v000001e2080709d0 .array "Instr_Mem", 1023 0, 15 0;
v000001e208071b50_0 .net "Jump_En", 0 0, v000001e2080055d0_0;  1 drivers
v000001e2080715b0_0 .net "Mem_Read", 0 0, v000001e208005670_0;  1 drivers
v000001e208070110_0 .net "Mem_Write", 0 0, v000001e208004810_0;  1 drivers
v000001e2080704d0_0 .var "PC", 11 0;
v000001e208071d30_0 .net "PC_Write", 0 0, v000001e208004f90_0;  1 drivers
v000001e208070390_0 .net "Reg_Dst_Sel", 1 0, v000001e2080048b0_0;  1 drivers
v000001e208070a70_0 .net "Reg_Write", 0 0, v000001e2080046d0_0;  1 drivers
v000001e208070bb0_0 .net *"_ivl_0", 15 0, L_000001e2080735b0;  1 drivers
L_000001e2080d0088 .functor BUFT 1, C4<0111>, C4<0>, C4<0>, C4<0>;
v000001e2080713d0_0 .net/2u *"_ivl_10", 3 0, L_000001e2080d0088;  1 drivers
v000001e208070250_0 .net *"_ivl_12", 0 0, L_000001e208072890;  1 drivers
v000001e208070c50_0 .net *"_ivl_15", 2 0, L_000001e208073e70;  1 drivers
v000001e208071650_0 .net *"_ivl_23", 0 0, L_000001e208073b50;  1 drivers
v000001e208070ed0_0 .net *"_ivl_25", 9 0, L_000001e2080742d0;  1 drivers
L_000001e2080d00d0 .functor BUFT 1, C4<01>, C4<0>, C4<0>, C4<0>;
v000001e208071dd0_0 .net/2u *"_ivl_28", 1 0, L_000001e2080d00d0;  1 drivers
v000001e2080716f0_0 .net *"_ivl_30", 0 0, L_000001e208073bf0;  1 drivers
v000001e208070f70_0 .net *"_ivl_32", 15 0, L_000001e208072f70;  1 drivers
v000001e208071790_0 .net *"_ivl_35", 11 0, L_000001e208072ed0;  1 drivers
L_000001e2080d02c8 .functor BUFT 1, C4<01>, C4<0>, C4<0>, C4<0>;
v000001e208071290_0 .net/2u *"_ivl_38", 1 0, L_000001e2080d02c8;  1 drivers
v000001e208070070_0 .net *"_ivl_40", 0 0, L_000001e208073d30;  1 drivers
v000001e208071330_0 .net "alu_b_in", 15 0, L_000001e2080740f0;  1 drivers
v000001e208071470_0 .net "alu_res", 15 0, v000001e208005530_0;  1 drivers
v000001e208071e70_0 .net "alu_zero", 0 0, L_000001e208072cf0;  1 drivers
v000001e2080718d0_0 .net "clk", 0 0, v000001e208073970_0;  1 drivers
v000001e208071970_0 .net "imm12", 11 0, L_000001e208072b10;  1 drivers
v000001e208071a10_0 .net "imm6", 5 0, L_000001e208074230;  1 drivers
v000001e208071f10_0 .net "instr_wire", 15 0, L_000001e207fcfb20;  1 drivers
v000001e208071bf0_0 .net "opcode", 3 0, L_000001e208072bb0;  1 drivers
v000001e208071c90_0 .net "rd1", 15 0, L_000001e208073830;  1 drivers
v000001e2080702f0_0 .net "rd2", 15 0, L_000001e208073c90;  1 drivers
v000001e208070430_0 .net "reg_dst", 2 0, L_000001e208074190;  1 drivers
v000001e208070570_0 .net "reg_src1", 2 0, L_000001e2080729d0;  1 drivers
v000001e208070610_0 .net "reg_src2", 2 0, L_000001e208072930;  1 drivers
v000001e208070750_0 .net "rst", 0 0, v000001e208073a10_0;  1 drivers
v000001e2080707f0_0 .net "sign_ext_imm", 15 0, L_000001e208073650;  1 drivers
v000001e208073dd0_0 .net "write_data_to_reg", 15 0, L_000001e2080730b0;  1 drivers
L_000001e2080735b0 .array/port v000001e2080709d0, v000001e2080704d0_0;
L_000001e208072bb0 .part v000001e208071510_0, 12, 4;
L_000001e208074190 .part v000001e208071510_0, 9, 3;
L_000001e2080729d0 .part v000001e208071510_0, 6, 3;
L_000001e208072890 .cmp/eq 4, L_000001e208072bb0, L_000001e2080d0088;
L_000001e208073e70 .part v000001e208071510_0, 3, 3;
L_000001e208072930 .functor MUXZ 3, L_000001e208073e70, L_000001e208074190, L_000001e208072890, C4<>;
L_000001e208074230 .part v000001e208071510_0, 0, 6;
L_000001e208072b10 .part v000001e208071510_0, 0, 12;
L_000001e208073b50 .part L_000001e208074230, 5, 1;
L_000001e2080742d0 .repeat 10, 10, L_000001e208073b50;
L_000001e208073650 .concat [ 6 10 0 0], L_000001e208074230, L_000001e2080742d0;
L_000001e208073bf0 .cmp/eq 2, v000001e2080048b0_0, L_000001e2080d00d0;
L_000001e208072f70 .array/port v000001e208070cf0, L_000001e208072ed0;
L_000001e208072ed0 .part v000001e208005530_0, 0, 12;
L_000001e2080730b0 .functor MUXZ 16, v000001e208005530_0, L_000001e208072f70, L_000001e208073bf0, C4<>;
L_000001e208073d30 .cmp/eq 2, v000001e208004630_0, L_000001e2080d02c8;
L_000001e2080740f0 .functor MUXZ 16, L_000001e208073c90, L_000001e208073650, L_000001e208073d30, C4<>;
S_000001e208012610 .scope module, "ALU_Inst" "ALU" 3 199, 3 1 0, S_000001e208012480;
 .timescale 0 0;
    .port_info 0 /INPUT 16 "A";
    .port_info 1 /INPUT 16 "B";
    .port_info 2 /INPUT 3 "ALU_Op";
    .port_info 3 /OUTPUT 16 "Result";
    .port_info 4 /OUTPUT 1 "Zero";
v000001e208005710_0 .net "A", 15 0, L_000001e208073830;  alias, 1 drivers
v000001e208004950_0 .net "ALU_Op", 2 0, v000001e208003ff0_0;  alias, 1 drivers
v000001e208004ef0_0 .net "B", 15 0, L_000001e2080740f0;  alias, 1 drivers
v000001e208005530_0 .var "Result", 15 0;
v000001e208004590_0 .net "Zero", 0 0, L_000001e208072cf0;  alias, 1 drivers
L_000001e2080d0310 .functor BUFT 1, C4<0000000000000000>, C4<0>, C4<0>, C4<0>;
v000001e2080052b0_0 .net/2u *"_ivl_0", 15 0, L_000001e2080d0310;  1 drivers
v000001e208004770_0 .net *"_ivl_2", 0 0, L_000001e208073510;  1 drivers
L_000001e2080d0358 .functor BUFT 1, C4<1>, C4<0>, C4<0>, C4<0>;
v000001e208005e90_0 .net/2u *"_ivl_4", 0 0, L_000001e2080d0358;  1 drivers
L_000001e2080d03a0 .functor BUFT 1, C4<0>, C4<0>, C4<0>, C4<0>;
v000001e208005850_0 .net/2u *"_ivl_6", 0 0, L_000001e2080d03a0;  1 drivers
E_000001e2080148d0 .event anyedge, v000001e208004950_0, v000001e208005710_0, v000001e208004ef0_0;
L_000001e208073510 .cmp/eq 16, v000001e208005530_0, L_000001e2080d0310;
L_000001e208072cf0 .functor MUXZ 1, L_000001e2080d03a0, L_000001e2080d0358, L_000001e208073510, C4<>;
S_000001e207ffc740 .scope module, "CU" "Control_Unit" 3 179, 3 53 0, S_000001e208012480;
 .timescale 0 0;
    .port_info 0 /INPUT 1 "clk";
    .port_info 1 /INPUT 1 "rst";
    .port_info 2 /INPUT 4 "opcode";
    .port_info 3 /OUTPUT 1 "PC_Write";
    .port_info 4 /OUTPUT 1 "IR_Write";
    .port_info 5 /OUTPUT 1 "Reg_Write";
    .port_info 6 /OUTPUT 1 "Mem_Write";
    .port_info 7 /OUTPUT 1 "Mem_Read";
    .port_info 8 /OUTPUT 2 "ALU_Src";
    .port_info 9 /OUTPUT 3 "ALU_Op";
    .port_info 10 /OUTPUT 2 "Reg_Dst_Sel";
    .port_info 11 /OUTPUT 1 "Branch_En";
    .port_info 12 /OUTPUT 1 "Jump_En";
P_000001e208011430 .param/l "DECODE" 1 3 72, C4<001>;
P_000001e208011468 .param/l "EXECUTE" 1 3 73, C4<010>;
P_000001e2080114a0 .param/l "FETCH" 1 3 71, C4<000>;
P_000001e2080114d8 .param/l "WRITEBACK" 1 3 74, C4<011>;
v000001e208003ff0_0 .var "ALU_Op", 2 0;
v000001e208004630_0 .var "ALU_Src", 1 0;
v000001e208004d10_0 .var "Branch_En", 0 0;
v000001e208005c10_0 .var "IR_Write", 0 0;
v000001e2080055d0_0 .var "Jump_En", 0 0;
v000001e208005670_0 .var "Mem_Read", 0 0;
v000001e208004810_0 .var "Mem_Write", 0 0;
v000001e208004f90_0 .var "PC_Write", 0 0;
v000001e2080048b0_0 .var "Reg_Dst_Sel", 1 0;
v000001e2080046d0_0 .var "Reg_Write", 0 0;
v000001e2080049f0_0 .net "clk", 0 0, v000001e208073970_0;  alias, 1 drivers
v000001e2080057b0_0 .var "current_state", 2 0;
v000001e208005990_0 .var "next_state", 2 0;
v000001e208005a30_0 .net "opcode", 3 0, L_000001e208072bb0;  alias, 1 drivers
v000001e208005ad0_0 .net "rst", 0 0, v000001e208073a10_0;  alias, 1 drivers
E_000001e208014b50 .event anyedge, v000001e2080057b0_0, v000001e208005a30_0;
E_000001e208014890 .event anyedge, v000001e2080057b0_0;
E_000001e208014c50 .event posedge, v000001e208005ad0_0, v000001e2080049f0_0;
S_000001e207ffc8d0 .scope module, "RF" "Register_File" 3 189, 3 24 0, S_000001e208012480;
 .timescale 0 0;
    .port_info 0 /INPUT 1 "clk";
    .port_info 1 /INPUT 1 "we";
    .port_info 2 /INPUT 3 "read_reg1";
    .port_info 3 /INPUT 3 "read_reg2";
    .port_info 4 /INPUT 3 "write_reg";
    .port_info 5 /INPUT 16 "write_data";
    .port_info 6 /OUTPUT 16 "read_data1";
    .port_info 7 /OUTPUT 16 "read_data2";
L_000001e2080d0118 .functor BUFT 1, C4<000>, C4<0>, C4<0>, C4<0>;
v000001e208005b70_0 .net/2u *"_ivl_0", 2 0, L_000001e2080d0118;  1 drivers
L_000001e2080d01a8 .functor BUFT 1, C4<00>, C4<0>, C4<0>, C4<0>;
v000001e208004a90_0 .net *"_ivl_11", 1 0, L_000001e2080d01a8;  1 drivers
L_000001e2080d01f0 .functor BUFT 1, C4<000>, C4<0>, C4<0>, C4<0>;
v000001e208005030_0 .net/2u *"_ivl_14", 2 0, L_000001e2080d01f0;  1 drivers
v000001e2080050d0_0 .net *"_ivl_16", 0 0, L_000001e208072e30;  1 drivers
L_000001e2080d0238 .functor BUFT 1, C4<0000000000000000>, C4<0>, C4<0>, C4<0>;
v000001e208005cb0_0 .net/2u *"_ivl_18", 15 0, L_000001e2080d0238;  1 drivers
v000001e208005df0_0 .net *"_ivl_2", 0 0, L_000001e208072a70;  1 drivers
v000001e208004090_0 .net *"_ivl_20", 15 0, L_000001e208073150;  1 drivers
v000001e208004130_0 .net *"_ivl_22", 4 0, L_000001e2080738d0;  1 drivers
L_000001e2080d0280 .functor BUFT 1, C4<00>, C4<0>, C4<0>, C4<0>;
v000001e2080041d0_0 .net *"_ivl_25", 1 0, L_000001e2080d0280;  1 drivers
L_000001e2080d0160 .functor BUFT 1, C4<0000000000000000>, C4<0>, C4<0>, C4<0>;
v000001e208004310_0 .net/2u *"_ivl_4", 15 0, L_000001e2080d0160;  1 drivers
v000001e2080043b0_0 .net *"_ivl_6", 15 0, L_000001e208074050;  1 drivers
v000001e208004450_0 .net *"_ivl_8", 4 0, L_000001e208073ab0;  1 drivers
v000001e208004bd0_0 .net "clk", 0 0, v000001e208073970_0;  alias, 1 drivers
v000001e208070930_0 .var/i "i", 31 0;
v000001e208070e30_0 .net "read_data1", 15 0, L_000001e208073830;  alias, 1 drivers
v000001e208070d90_0 .net "read_data2", 15 0, L_000001e208073c90;  alias, 1 drivers
v000001e208071010_0 .net "read_reg1", 2 0, L_000001e2080729d0;  alias, 1 drivers
v000001e2080710b0_0 .net "read_reg2", 2 0, L_000001e208072930;  alias, 1 drivers
v000001e2080706b0 .array "regs", 7 0, 15 0;
v000001e208071ab0_0 .net "we", 0 0, v000001e2080046d0_0;  alias, 1 drivers
v000001e208071150_0 .net "write_data", 15 0, L_000001e2080730b0;  alias, 1 drivers
v000001e208070b10_0 .net "write_reg", 2 0, L_000001e208074190;  alias, 1 drivers
E_000001e208014910 .event posedge, v000001e2080049f0_0;
L_000001e208072a70 .cmp/eq 3, L_000001e2080729d0, L_000001e2080d0118;
L_000001e208074050 .array/port v000001e2080706b0, L_000001e208073ab0;
L_000001e208073ab0 .concat [ 3 2 0 0], L_000001e2080729d0, L_000001e2080d01a8;
L_000001e208073830 .functor MUXZ 16, L_000001e208074050, L_000001e2080d0160, L_000001e208072a70, C4<>;
L_000001e208072e30 .cmp/eq 3, L_000001e208072930, L_000001e2080d01f0;
L_000001e208073150 .array/port v000001e2080706b0, L_000001e2080738d0;
L_000001e2080738d0 .concat [ 3 2 0 0], L_000001e208072930, L_000001e2080d0280;
L_000001e208073c90 .functor MUXZ 16, L_000001e208073150, L_000001e2080d0238, L_000001e208072e30, C4<>;
    .scope S_000001e207ffc740;
T_0 ;
    %wait E_000001e208014c50;
    %load/vec4 v000001e208005ad0_0;
    %flag_set/vec4 8;
    %jmp/0xz  T_0.0, 8;
    %pushi/vec4 0, 0, 3;
    %assign/vec4 v000001e2080057b0_0, 0;
    %jmp T_0.1;
T_0.0 ;
    %load/vec4 v000001e208005990_0;
    %assign/vec4 v000001e2080057b0_0, 0;
T_0.1 ;
    %jmp T_0;
    .thread T_0;
    .scope S_000001e207ffc740;
T_1 ;
    %wait E_000001e208014890;
    %load/vec4 v000001e2080057b0_0;
    %dup/vec4;
    %pushi/vec4 0, 0, 3;
    %cmp/u;
    %jmp/1 T_1.0, 6;
    %dup/vec4;
    %pushi/vec4 1, 0, 3;
    %cmp/u;
    %jmp/1 T_1.1, 6;
    %dup/vec4;
    %pushi/vec4 2, 0, 3;
    %cmp/u;
    %jmp/1 T_1.2, 6;
    %dup/vec4;
    %pushi/vec4 3, 0, 3;
    %cmp/u;
    %jmp/1 T_1.3, 6;
    %pushi/vec4 0, 0, 3;
    %store/vec4 v000001e208005990_0, 0, 3;
    %jmp T_1.5;
T_1.0 ;
    %pushi/vec4 1, 0, 3;
    %store/vec4 v000001e208005990_0, 0, 3;
    %jmp T_1.5;
T_1.1 ;
    %pushi/vec4 2, 0, 3;
    %store/vec4 v000001e208005990_0, 0, 3;
    %jmp T_1.5;
T_1.2 ;
    %pushi/vec4 3, 0, 3;
    %store/vec4 v000001e208005990_0, 0, 3;
    %jmp T_1.5;
T_1.3 ;
    %pushi/vec4 0, 0, 3;
    %store/vec4 v000001e208005990_0, 0, 3;
    %jmp T_1.5;
T_1.5 ;
    %pop/vec4 1;
    %jmp T_1;
    .thread T_1, $push;
    .scope S_000001e207ffc740;
T_2 ;
    %wait E_000001e208014b50;
    %pushi/vec4 0, 0, 1;
    %store/vec4 v000001e208004f90_0, 0, 1;
    %pushi/vec4 0, 0, 1;
    %store/vec4 v000001e208005c10_0, 0, 1;
    %pushi/vec4 0, 0, 1;
    %store/vec4 v000001e2080046d0_0, 0, 1;
    %pushi/vec4 0, 0, 1;
    %store/vec4 v000001e208004810_0, 0, 1;
    %pushi/vec4 0, 0, 1;
    %store/vec4 v000001e208005670_0, 0, 1;
    %pushi/vec4 0, 0, 1;
    %store/vec4 v000001e208004d10_0, 0, 1;
    %pushi/vec4 0, 0, 1;
    %store/vec4 v000001e2080055d0_0, 0, 1;
    %pushi/vec4 0, 0, 2;
    %store/vec4 v000001e208004630_0, 0, 2;
    %pushi/vec4 0, 0, 3;
    %store/vec4 v000001e208003ff0_0, 0, 3;
    %pushi/vec4 0, 0, 2;
    %store/vec4 v000001e2080048b0_0, 0, 2;
    %load/vec4 v000001e2080057b0_0;
    %dup/vec4;
    %pushi/vec4 0, 0, 3;
    %cmp/u;
    %jmp/1 T_2.0, 6;
    %dup/vec4;
    %pushi/vec4 1, 0, 3;
    %cmp/u;
    %jmp/1 T_2.1, 6;
    %dup/vec4;
    %pushi/vec4 2, 0, 3;
    %cmp/u;
    %jmp/1 T_2.2, 6;
    %dup/vec4;
    %pushi/vec4 3, 0, 3;
    %cmp/u;
    %jmp/1 T_2.3, 6;
    %jmp T_2.4;
T_2.0 ;
    %pushi/vec4 1, 0, 1;
    %store/vec4 v000001e208005c10_0, 0, 1;
    %jmp T_2.4;
T_2.1 ;
    %jmp T_2.4;
T_2.2 ;
    %load/vec4 v000001e208005a30_0;
    %dup/vec4;
    %pushi/vec4 0, 0, 4;
    %cmp/u;
    %jmp/1 T_2.5, 6;
    %dup/vec4;
    %pushi/vec4 1, 0, 4;
    %cmp/u;
    %jmp/1 T_2.6, 6;
    %dup/vec4;
    %pushi/vec4 2, 0, 4;
    %cmp/u;
    %jmp/1 T_2.7, 6;
    %dup/vec4;
    %pushi/vec4 3, 0, 4;
    %cmp/u;
    %jmp/1 T_2.8, 6;
    %dup/vec4;
    %pushi/vec4 4, 0, 4;
    %cmp/u;
    %jmp/1 T_2.9, 6;
    %dup/vec4;
    %pushi/vec4 5, 0, 4;
    %cmp/u;
    %jmp/1 T_2.10, 6;
    %dup/vec4;
    %pushi/vec4 6, 0, 4;
    %cmp/u;
    %jmp/1 T_2.11, 6;
    %dup/vec4;
    %pushi/vec4 7, 0, 4;
    %cmp/u;
    %jmp/1 T_2.12, 6;
    %dup/vec4;
    %pushi/vec4 9, 0, 4;
    %cmp/u;
    %jmp/1 T_2.13, 6;
    %dup/vec4;
    %pushi/vec4 8, 0, 4;
    %cmp/u;
    %jmp/1 T_2.14, 6;
    %jmp T_2.15;
T_2.5 ;
    %pushi/vec4 0, 0, 3;
    %store/vec4 v000001e208003ff0_0, 0, 3;
    %jmp T_2.15;
T_2.6 ;
    %pushi/vec4 1, 0, 3;
    %store/vec4 v000001e208003ff0_0, 0, 3;
    %jmp T_2.15;
T_2.7 ;
    %pushi/vec4 2, 0, 3;
    %store/vec4 v000001e208003ff0_0, 0, 3;
    %jmp T_2.15;
T_2.8 ;
    %pushi/vec4 3, 0, 3;
    %store/vec4 v000001e208003ff0_0, 0, 3;
    %jmp T_2.15;
T_2.9 ;
    %pushi/vec4 4, 0, 3;
    %store/vec4 v000001e208003ff0_0, 0, 3;
    %jmp T_2.15;
T_2.10 ;
    %pushi/vec4 5, 0, 3;
    %store/vec4 v000001e208003ff0_0, 0, 3;
    %jmp T_2.15;
T_2.11 ;
    %pushi/vec4 1, 0, 2;
    %store/vec4 v000001e208004630_0, 0, 2;
    %pushi/vec4 0, 0, 3;
    %store/vec4 v000001e208003ff0_0, 0, 3;
    %pushi/vec4 1, 0, 1;
    %store/vec4 v000001e208005670_0, 0, 1;
    %jmp T_2.15;
T_2.12 ;
    %pushi/vec4 1, 0, 2;
    %store/vec4 v000001e208004630_0, 0, 2;
    %pushi/vec4 0, 0, 3;
    %store/vec4 v000001e208003ff0_0, 0, 3;
    %pushi/vec4 1, 0, 1;
    %store/vec4 v000001e208004810_0, 0, 1;
    %jmp T_2.15;
T_2.13 ;
    %pushi/vec4 1, 0, 3;
    %store/vec4 v000001e208003ff0_0, 0, 3;
    %pushi/vec4 1, 0, 1;
    %store/vec4 v000001e208004d10_0, 0, 1;
    %jmp T_2.15;
T_2.14 ;
    %pushi/vec4 1, 0, 1;
    %store/vec4 v000001e2080055d0_0, 0, 1;
    %jmp T_2.15;
T_2.15 ;
    %pop/vec4 1;
    %jmp T_2.4;
T_2.3 ;
    %pushi/vec4 1, 0, 1;
    %store/vec4 v000001e208004f90_0, 0, 1;
    %load/vec4 v000001e208005a30_0;
    %dup/vec4;
    %pushi/vec4 0, 0, 4;
    %cmp/u;
    %jmp/1 T_2.16, 6;
    %dup/vec4;
    %pushi/vec4 1, 0, 4;
    %cmp/u;
    %jmp/1 T_2.17, 6;
    %dup/vec4;
    %pushi/vec4 2, 0, 4;
    %cmp/u;
    %jmp/1 T_2.18, 6;
    %dup/vec4;
    %pushi/vec4 3, 0, 4;
    %cmp/u;
    %jmp/1 T_2.19, 6;
    %dup/vec4;
    %pushi/vec4 4, 0, 4;
    %cmp/u;
    %jmp/1 T_2.20, 6;
    %dup/vec4;
    %pushi/vec4 5, 0, 4;
    %cmp/u;
    %jmp/1 T_2.21, 6;
    %dup/vec4;
    %pushi/vec4 6, 0, 4;
    %cmp/u;
    %jmp/1 T_2.22, 6;
    %jmp T_2.23;
T_2.16 ;
    %pushi/vec4 1, 0, 1;
    %store/vec4 v000001e2080046d0_0, 0, 1;
    %pushi/vec4 0, 0, 2;
    %store/vec4 v000001e2080048b0_0, 0, 2;
    %jmp T_2.23;
T_2.17 ;
    %pushi/vec4 1, 0, 1;
    %store/vec4 v000001e2080046d0_0, 0, 1;
    %pushi/vec4 0, 0, 2;
    %store/vec4 v000001e2080048b0_0, 0, 2;
    %jmp T_2.23;
T_2.18 ;
    %pushi/vec4 1, 0, 1;
    %store/vec4 v000001e2080046d0_0, 0, 1;
    %pushi/vec4 0, 0, 2;
    %store/vec4 v000001e2080048b0_0, 0, 2;
    %jmp T_2.23;
T_2.19 ;
    %pushi/vec4 1, 0, 1;
    %store/vec4 v000001e2080046d0_0, 0, 1;
    %pushi/vec4 0, 0, 2;
    %store/vec4 v000001e2080048b0_0, 0, 2;
    %jmp T_2.23;
T_2.20 ;
    %pushi/vec4 1, 0, 1;
    %store/vec4 v000001e2080046d0_0, 0, 1;
    %pushi/vec4 0, 0, 2;
    %store/vec4 v000001e2080048b0_0, 0, 2;
    %jmp T_2.23;
T_2.21 ;
    %pushi/vec4 1, 0, 1;
    %store/vec4 v000001e2080046d0_0, 0, 1;
    %pushi/vec4 0, 0, 2;
    %store/vec4 v000001e2080048b0_0, 0, 2;
    %jmp T_2.23;
T_2.22 ;
    %pushi/vec4 1, 0, 1;
    %store/vec4 v000001e2080046d0_0, 0, 1;
    %pushi/vec4 1, 0, 2;
    %store/vec4 v000001e2080048b0_0, 0, 2;
    %jmp T_2.23;
T_2.23 ;
    %pop/vec4 1;
    %jmp T_2.4;
T_2.4 ;
    %pop/vec4 1;
    %jmp T_2;
    .thread T_2, $push;
    .scope S_000001e207ffc8d0;
T_3 ;
    %pushi/vec4 0, 0, 32;
    %store/vec4 v000001e208070930_0, 0, 32;
T_3.0 ; Top of for-loop
    %load/vec4 v000001e208070930_0;
    %cmpi/s 8, 0, 32;
	  %jmp/0xz T_3.1, 5;
    %pushi/vec4 0, 0, 16;
    %ix/getv/s 4, v000001e208070930_0;
    %store/vec4a v000001e2080706b0, 4, 0;
T_3.2 ; for-loop step statement
    %load/vec4 v000001e208070930_0;
    %addi 1, 0, 32;
    %store/vec4 v000001e208070930_0, 0, 32;
    %jmp T_3.0;
T_3.1 ; for-loop exit label
    %end;
    .thread T_3;
    .scope S_000001e207ffc8d0;
T_4 ;
    %wait E_000001e208014910;
    %load/vec4 v000001e208071ab0_0;
    %flag_set/vec4 9;
    %flag_get/vec4 9;
    %jmp/0 T_4.2, 9;
    %load/vec4 v000001e208070b10_0;
    %pushi/vec4 0, 0, 3;
    %cmp/ne;
    %flag_get/vec4 4;
    %and;
T_4.2;
    %flag_set/vec4 8;
    %jmp/0xz  T_4.0, 8;
    %load/vec4 v000001e208071150_0;
    %load/vec4 v000001e208070b10_0;
    %pad/u 5;
    %ix/vec4 3;
    %ix/load 4, 0, 0; Constant delay
    %assign/vec4/a/d v000001e2080706b0, 0, 4;
T_4.0 ;
    %jmp T_4;
    .thread T_4;
    .scope S_000001e208012610;
T_5 ;
    %wait E_000001e2080148d0;
    %load/vec4 v000001e208004950_0;
    %dup/vec4;
    %pushi/vec4 0, 0, 3;
    %cmp/u;
    %jmp/1 T_5.0, 6;
    %dup/vec4;
    %pushi/vec4 1, 0, 3;
    %cmp/u;
    %jmp/1 T_5.1, 6;
    %dup/vec4;
    %pushi/vec4 2, 0, 3;
    %cmp/u;
    %jmp/1 T_5.2, 6;
    %dup/vec4;
    %pushi/vec4 3, 0, 3;
    %cmp/u;
    %jmp/1 T_5.3, 6;
    %dup/vec4;
    %pushi/vec4 4, 0, 3;
    %cmp/u;
    %jmp/1 T_5.4, 6;
    %dup/vec4;
    %pushi/vec4 5, 0, 3;
    %cmp/u;
    %jmp/1 T_5.5, 6;
    %pushi/vec4 0, 0, 16;
    %store/vec4 v000001e208005530_0, 0, 16;
    %jmp T_5.7;
T_5.0 ;
    %load/vec4 v000001e208005710_0;
    %load/vec4 v000001e208004ef0_0;
    %add;
    %store/vec4 v000001e208005530_0, 0, 16;
    %jmp T_5.7;
T_5.1 ;
    %load/vec4 v000001e208005710_0;
    %load/vec4 v000001e208004ef0_0;
    %sub;
    %store/vec4 v000001e208005530_0, 0, 16;
    %jmp T_5.7;
T_5.2 ;
    %load/vec4 v000001e208005710_0;
    %load/vec4 v000001e208004ef0_0;
    %and;
    %store/vec4 v000001e208005530_0, 0, 16;
    %jmp T_5.7;
T_5.3 ;
    %load/vec4 v000001e208005710_0;
    %load/vec4 v000001e208004ef0_0;
    %or;
    %store/vec4 v000001e208005530_0, 0, 16;
    %jmp T_5.7;
T_5.4 ;
    %load/vec4 v000001e208005710_0;
    %load/vec4 v000001e208004ef0_0;
    %xor;
    %store/vec4 v000001e208005530_0, 0, 16;
    %jmp T_5.7;
T_5.5 ;
    %load/vec4 v000001e208005710_0;
    %inv;
    %store/vec4 v000001e208005530_0, 0, 16;
    %jmp T_5.7;
T_5.7 ;
    %pop/vec4 1;
    %jmp T_5;
    .thread T_5, $push;
    .scope S_000001e208012480;
T_6 ;
    %wait E_000001e208014910;
    %load/vec4 v000001e2080701b0_0;
    %flag_set/vec4 8;
    %jmp/0xz  T_6.0, 8;
    %load/vec4 v000001e208071f10_0;
    %assign/vec4 v000001e208071510_0, 0;
T_6.0 ;
    %jmp T_6;
    .thread T_6;
    .scope S_000001e208012480;
T_7 ;
    %wait E_000001e208014910;
    %load/vec4 v000001e208070110_0;
    %flag_set/vec4 8;
    %jmp/0xz  T_7.0, 8;
    %load/vec4 v000001e2080702f0_0;
    %load/vec4 v000001e208071470_0;
    %parti/s 12, 0, 2;
    %ix/vec4 3;
    %ix/load 4, 0, 0; Constant delay
    %assign/vec4/a/d v000001e208070cf0, 0, 4;
T_7.0 ;
    %jmp T_7;
    .thread T_7;
    .scope S_000001e208012480;
T_8 ;
    %wait E_000001e208014c50;
    %load/vec4 v000001e208070750_0;
    %flag_set/vec4 8;
    %jmp/0xz  T_8.0, 8;
    %pushi/vec4 0, 0, 12;
    %assign/vec4 v000001e2080704d0_0, 0;
    %jmp T_8.1;
T_8.0 ;
    %load/vec4 v000001e208071d30_0;
    %flag_set/vec4 8;
    %jmp/0xz  T_8.2, 8;
    %load/vec4 v000001e208071b50_0;
    %flag_set/vec4 8;
    %jmp/0xz  T_8.4, 8;
    %load/vec4 v000001e208071970_0;
    %assign/vec4 v000001e2080704d0_0, 0;
    %jmp T_8.5;
T_8.4 ;
    %load/vec4 v000001e208070890_0;
    %flag_set/vec4 9;
    %flag_get/vec4 9;
    %jmp/0 T_8.8, 9;
    %load/vec4 v000001e208071e70_0;
    %and;
T_8.8;
    %flag_set/vec4 8;
    %jmp/0xz  T_8.6, 8;
    %load/vec4 v000001e2080704d0_0;
    %addi 1, 0, 12;
    %load/vec4 v000001e2080707f0_0;
    %parti/s 12, 0, 2;
    %add;
    %assign/vec4 v000001e2080704d0_0, 0;
    %jmp T_8.7;
T_8.6 ;
    %load/vec4 v000001e2080704d0_0;
    %addi 1, 0, 12;
    %assign/vec4 v000001e2080704d0_0, 0;
T_8.7 ;
T_8.5 ;
T_8.2 ;
T_8.1 ;
    %jmp T_8;
    .thread T_8;
    .scope S_000001e208012df0;
T_9 ;
    %pushi/vec4 0, 0, 1;
    %store/vec4 v000001e208073970_0, 0, 1;
T_9.0 ;
    %delay 5000, 0;
    %load/vec4 v000001e208073970_0;
    %inv;
    %store/vec4 v000001e208073970_0, 0, 1;
    %jmp T_9.0;
T_9.1 ;
    %end;
    .thread T_9;
    .scope S_000001e208012df0;
T_10 ;
    %vpi_call 2 24 "$dumpfile", "processor_wave.vcd" {0 0 0};
    %vpi_call 2 25 "$dumpvars", 32'sb00000000000000000000000000000000, S_000001e208012df0 {0 0 0};
    %pushi/vec4 15, 0, 16;
    %ix/load 4, 0, 0;
    %flag_set/imm 4, 0;
    %store/vec4a v000001e208070cf0, 4, 0;
    %pushi/vec4 25, 0, 16;
    %ix/load 4, 1, 0;
    %flag_set/imm 4, 0;
    %store/vec4a v000001e208070cf0, 4, 0;
    %pushi/vec4 0, 0, 16;
    %ix/load 4, 2, 0;
    %flag_set/imm 4, 0;
    %store/vec4a v000001e208070cf0, 4, 0;
    %pushi/vec4 25088, 0, 16;
    %ix/load 4, 0, 0;
    %flag_set/imm 4, 0;
    %store/vec4a v000001e2080709d0, 4, 0;
    %pushi/vec4 25601, 0, 16;
    %ix/load 4, 1, 0;
    %flag_set/imm 4, 0;
    %store/vec4a v000001e2080709d0, 4, 0;
    %pushi/vec4 1616, 0, 16;
    %ix/load 4, 2, 0;
    %flag_set/imm 4, 0;
    %store/vec4a v000001e2080709d0, 4, 0;
    %pushi/vec4 30210, 0, 16;
    %ix/load 4, 3, 0;
    %flag_set/imm 4, 0;
    %store/vec4a v000001e2080709d0, 4, 0;
    %pushi/vec4 32772, 0, 16;
    %ix/load 4, 4, 0;
    %flag_set/imm 4, 0;
    %store/vec4a v000001e2080709d0, 4, 0;
    %pushi/vec4 1, 0, 1;
    %store/vec4 v000001e208073a10_0, 0, 1;
    %delay 15000, 0;
    %pushi/vec4 0, 0, 1;
    %store/vec4 v000001e208073a10_0, 0, 1;
    %delay 250000, 0;
    %vpi_call 2 49 "$display", "      results     " {0 0 0};
    %vpi_call 2 50 "$display", "Input:" {0 0 0};
    %vpi_call 2 51 "$display", "Data_Mem[0] = %d", &A<v000001e208070cf0, 0> {0 0 0};
    %vpi_call 2 52 "$display", "Data_Mem[1] = %d", &A<v000001e208070cf0, 1> {0 0 0};
    %vpi_call 2 53 "$display", "----------------------------------------" {0 0 0};
    %vpi_call 2 54 "$display", "Registers after:" {0 0 0};
    %vpi_call 2 55 "$display", "R1 = %d", &A<v000001e2080706b0, 1> {0 0 0};
    %vpi_call 2 56 "$display", "R2 = %d", &A<v000001e2080706b0, 2> {0 0 0};
    %vpi_call 2 57 "$display", "R3 = %d (sum in register)", &A<v000001e2080706b0, 3> {0 0 0};
    %vpi_call 2 58 "$display", "----------------------------------------" {0 0 0};
    %vpi_call 2 59 "$display", "memory after exec store:" {0 0 0};
    %vpi_call 2 60 "$display", "Data_Mem[2] = %d (target: 40)", &A<v000001e208070cf0, 2> {0 0 0};
    %ix/load 4, 2, 0;
    %flag_set/imm 4, 0;
    %load/vec4a v000001e208070cf0, 4;
    %cmpi/e 40, 0, 16;
    %jmp/0xz  T_10.0, 4;
    %vpi_call 2 63 "$display", ">>> success <<<" {0 0 0};
    %jmp T_10.1;
T_10.0 ;
    %vpi_call 2 65 "$display", ">>> unsucces <<<" {0 0 0};
T_10.1 ;
    %vpi_call 2 67 "$finish" {0 0 0};
    %end;
    .thread T_10;
# The file index is used to find the file name in the following table.
:file_names 4;
    "N/A";
    "<interactive>";
    "tb_Top_Module.v";
    "processor.v";
